// Jest Snapshot v1, https://goo.gl/fbAQLP

exports[`<Navigation/> snapshot 1`] = `
<div
  className="navigation"
>
  <div
    className="content"
  >
    <div
      className="logo"
    >
       
      <img
        src="test-file-stub"
      />
    </div>
    <div
      className="bar"
    >
      <ul
        className="items pc show"
        deep={0}
      >
        <li
          className="item"
          deep={undefined}
          onClick={[Function]}
          state={1.1}
        >
          
          <span
            className="link"
          >
            <a
              href="#/home"
              onClick={[Function]}
            >
              Home
            </a>
          </span>
        </li>
        <li
          className="item"
          deep={undefined}
          onClick={[Function]}
          state={1.1}
        >
          
          <span
            className="link"
          >
            <a
              href="#/home"
              onClick={[Function]}
            >
              About
            </a>
          </span>
        </li>
        <li
          className="container item"
          deep={0}
          onClick={[Function]}
          state={1.1}
        >
          <span
            className="wrapper down"
          >
            <span
              className="fa fa-angle-up"
            />
          </span>
          <span
            className="link"
          >
            <a
              href="#/home"
              onClick={[Function]}
            >
              Portfolio
            </a>
          </span>
          <ul
            className="sub"
            deep={1}
          >
            <li
              className="item"
              deep={undefined}
              onClick={[Function]}
              state={1.1}
            >
              
              <span
                className="link"
              >
                <a
                  href="#/home"
                  onClick={[Function]}
                >
                  first
                </a>
              </span>
            </li>
            <li
              className="item"
              deep={undefined}
              onClick={[Function]}
              state={1.1}
            >
              
              <span
                className="link"
              >
                <a
                  href="#/home"
                  onClick={[Function]}
                >
                  first
                </a>
              </span>
            </li>
            <li
              className="item"
              deep={undefined}
              onClick={[Function]}
              state={1.1}
            >
              
              <span
                className="link"
              >
                <a
                  href="#/home"
                  onClick={[Function]}
                >
                  first
                </a>
              </span>
            </li>
            <li
              className="container item"
              deep={1}
              onClick={[Function]}
              state={1.1}
            >
              <span
                className="wrapper down"
              >
                <span
                  className="fa fa-angle-up"
                />
              </span>
              <span
                className="link"
              >
                <a
                  href="#/home"
                  onClick={[Function]}
                >
                  first
                </a>
              </span>
              <ul
                className="sub"
                deep={2}
              >
                <li
                  className="item"
                  deep={undefined}
                  onClick={[Function]}
                  state={1.1}
                >
                  
                  <span
                    className="link"
                  >
                    <a
                      href="#/home"
                      onClick={[Function]}
                    >
                      second
                    </a>
                  </span>
                </li>
                <li
                  className="container item"
                  deep={2}
                  onClick={[Function]}
                  state={1.1}
                >
                  <span
                    className="wrapper down"
                  >
                    <span
                      className="fa fa-angle-up"
                    />
                  </span>
                  <span
                    className="link"
                  >
                    <a
                      href="#/home"
                      onClick={[Function]}
                    >
                      second
                    </a>
                  </span>
                  <ul
                    className="sub"
                    deep={3}
                  >
                    <li
                      className="item"
                      deep={undefined}
                      onClick={[Function]}
                      state={1.1}
                    >
                      
                      <span
                        className="link"
                      >
                        <a
                          href="#/home"
                          onClick={[Function]}
                        >
                          third
                        </a>
                      </span>
                    </li>
                    <li
                      className="container item"
                      deep={3}
                      onClick={[Function]}
                      state={1.1}
                    >
                      <span
                        className="wrapper down"
                      >
                        <span
                          className="fa fa-angle-up"
                        />
                      </span>
                      <span
                        className="link"
                      >
                        <a
                          href="#/home"
                          onClick={[Function]}
                        >
                          third
                        </a>
                      </span>
                      <ul
                        className="sub"
                        deep={4}
                      >
                        <li
                          className="item"
                          deep={undefined}
                          onClick={[Function]}
                          state={1.1}
                        >
                          
                          <span
                            className="link"
                          >
                            <a
                              href="#/home"
                              onClick={[Function]}
                            >
                              fourth
                            </a>
                          </span>
                        </li>
                      </ul>
                    </li>
                  </ul>
                </li>
              </ul>
            </li>
          </ul>
        </li>
        <li
          className="item"
          deep={undefined}
          onClick={[Function]}
          state={1.1}
        >
          
          <span
            className="link"
          >
            <a
              href="#/home"
              onClick={[Function]}
            >
              Blog
            </a>
          </span>
        </li>
        <li
          className="item"
          deep={undefined}
          onClick={[Function]}
          state={1.1}
        >
          
          <span
            className="link"
          >
            <a
              href="#/home"
              onClick={[Function]}
            >
              Contacts
            </a>
          </span>
        </li>
        <li
          className="container item"
          deep={0}
          onClick={[Function]}
          state={1.1}
        >
          <span
            className="wrapper down"
          >
            <span
              className="fa fa-angle-up"
            />
          </span>
          <span
            className="link"
          >
            <a
              href="#/home"
              onClick={[Function]}
            >
              Features
            </a>
          </span>
          <ul
            className="sub"
            deep={1}
          >
            <li
              className="item"
              deep={undefined}
              onClick={[Function]}
              state={1.1}
            >
              
              <span
                className="link"
              >
                <a
                  href="#/home"
                  onClick={[Function]}
                >
                  Multipage
                </a>
              </span>
            </li>
            <li
              className="container item"
              deep={1}
              onClick={[Function]}
              state={1.1}
            >
              <span
                className="wrapper down"
              >
                <span
                  className="fa fa-angle-up"
                />
              </span>
              <span
                className="link"
              >
                <a
                  href="#/home"
                  onClick={[Function]}
                >
                  Options
                </a>
              </span>
              <ul
                className="sub"
                deep={2}
              >
                <li
                  className="container item"
                  deep={2}
                  onClick={[Function]}
                  state={1.1}
                >
                  <span
                    className="wrapper down"
                  >
                    <span
                      className="fa fa-angle-up"
                    />
                  </span>
                  <span
                    className="link"
                  >
                    <a
                      href="#/home"
                      onClick={[Function]}
                    >
                      General
                    </a>
                  </span>
                  <ul
                    className="sub"
                    deep={3}
                  >
                    <li
                      className="item"
                      deep={undefined}
                      onClick={[Function]}
                      state={1.1}
                    >
                      
                      <span
                        className="link"
                      >
                        <a
                          href="#/home"
                          onClick={[Function]}
                        >
                          Kapitan
                        </a>
                      </span>
                    </li>
                  </ul>
                </li>
                <li
                  className="item"
                  deep={undefined}
                  onClick={[Function]}
                  state={1.1}
                >
                  
                  <span
                    className="link"
                  >
                    <a
                      href="#/home"
                      onClick={[Function]}
                    >
                      Sidebars
                    </a>
                  </span>
                </li>
                <li
                  className="item"
                  deep={undefined}
                  onClick={[Function]}
                  state={1.1}
                >
                  
                  <span
                    className="link"
                  >
                    <a
                      href="#/home"
                      onClick={[Function]}
                    >
                      Fonts
                    </a>
                  </span>
                </li>
                <li
                  className="item"
                  deep={undefined}
                  onClick={[Function]}
                  state={1.1}
                >
                  
                  <span
                    className="link"
                  >
                    <a
                      href="#/home"
                      onClick={[Function]}
                    >
                      Socials
                    </a>
                  </span>
                </li>
              </ul>
            </li>
            <li
              className="item"
              deep={undefined}
              onClick={[Function]}
              state={1.1}
            >
              
              <span
                className="link"
              >
                <a
                  href="#/home"
                  onClick={[Function]}
                >
                  Page
                </a>
              </span>
            </li>
            <li
              className="item"
              deep={undefined}
              onClick={[Function]}
              state={1.1}
            >
              
              <span
                className="link"
              >
                <a
                  href="#/home"
                  onClick={[Function]}
                >
                  FAQ
                </a>
              </span>
            </li>
          </ul>
        </li>
      </ul>
      <div
        className="wrapper"
      >
        <span
          className="height-fix"
        >
           
        </span>
        ;
        <ul
          className="hamburger"
          id="hamburger"
          onClick={[Function]}
        >
          <li />
          <li />
          <li />
        </ul>
      </div>
    </div>
  </div>
  <div>
    <ul
      className="items mobile"
      deep={0}
    >
      <li
        className="item"
        deep={undefined}
        onClick={[Function]}
        state={1.1}
      >
        
        <span
          className="link"
        >
          <a
            href="#/home"
            onClick={[Function]}
          >
            Home
          </a>
        </span>
      </li>
      <li
        className="item"
        deep={undefined}
        onClick={[Function]}
        state={1.1}
      >
        
        <span
          className="link"
        >
          <a
            href="#/home"
            onClick={[Function]}
          >
            About
          </a>
        </span>
      </li>
      <li
        className="container item"
        deep={0}
        onClick={[Function]}
        state={1.1}
      >
        <span
          className="wrapper down"
        >
          <span
            className="fa fa-angle-up"
          />
        </span>
        <span
          className="link"
        >
          <a
            href="#/home"
            onClick={[Function]}
          >
            Portfolio
          </a>
        </span>
        <ul
          className="sub"
          deep={1}
        >
          <li
            className="item"
            deep={undefined}
            onClick={[Function]}
            state={1.1}
          >
            
            <span
              className="link"
            >
              <a
                href="#/home"
                onClick={[Function]}
              >
                first
              </a>
            </span>
          </li>
          <li
            className="item"
            deep={undefined}
            onClick={[Function]}
            state={1.1}
          >
            
            <span
              className="link"
            >
              <a
                href="#/home"
                onClick={[Function]}
              >
                first
              </a>
            </span>
          </li>
          <li
            className="item"
            deep={undefined}
            onClick={[Function]}
            state={1.1}
          >
            
            <span
              className="link"
            >
              <a
                href="#/home"
                onClick={[Function]}
              >
                first
              </a>
            </span>
          </li>
          <li
            className="container item"
            deep={1}
            onClick={[Function]}
            state={1.1}
          >
            <span
              className="wrapper down"
            >
              <span
                className="fa fa-angle-up"
              />
            </span>
            <span
              className="link"
            >
              <a
                href="#/home"
                onClick={[Function]}
              >
                first
              </a>
            </span>
            <ul
              className="sub"
              deep={2}
            >
              <li
                className="item"
                deep={undefined}
                onClick={[Function]}
                state={1.1}
              >
                
                <span
                  className="link"
                >
                  <a
                    href="#/home"
                    onClick={[Function]}
                  >
                    second
                  </a>
                </span>
              </li>
              <li
                className="container item"
                deep={2}
                onClick={[Function]}
                state={1.1}
              >
                <span
                  className="wrapper down"
                >
                  <span
                    className="fa fa-angle-up"
                  />
                </span>
                <span
                  className="link"
                >
                  <a
                    href="#/home"
                    onClick={[Function]}
                  >
                    second
                  </a>
                </span>
                <ul
                  className="sub"
                  deep={3}
                >
                  <li
                    className="item"
                    deep={undefined}
                    onClick={[Function]}
                    state={1.1}
                  >
                    
                    <span
                      className="link"
                    >
                      <a
                        href="#/home"
                        onClick={[Function]}
                      >
                        third
                      </a>
                    </span>
                  </li>
                  <li
                    className="container item"
                    deep={3}
                    onClick={[Function]}
                    state={1.1}
                  >
                    <span
                      className="wrapper down"
                    >
                      <span
                        className="fa fa-angle-up"
                      />
                    </span>
                    <span
                      className="link"
                    >
                      <a
                        href="#/home"
                        onClick={[Function]}
                      >
                        third
                      </a>
                    </span>
                    <ul
                      className="sub"
                      deep={4}
                    >
                      <li
                        className="item"
                        deep={undefined}
                        onClick={[Function]}
                        state={1.1}
                      >
                        
                        <span
                          className="link"
                        >
                          <a
                            href="#/home"
                            onClick={[Function]}
                          >
                            fourth
                          </a>
                        </span>
                      </li>
                    </ul>
                  </li>
                </ul>
              </li>
            </ul>
          </li>
        </ul>
      </li>
      <li
        className="item"
        deep={undefined}
        onClick={[Function]}
        state={1.1}
      >
        
        <span
          className="link"
        >
          <a
            href="#/home"
            onClick={[Function]}
          >
            Blog
          </a>
        </span>
      </li>
      <li
        className="item"
        deep={undefined}
        onClick={[Function]}
        state={1.1}
      >
        
        <span
          className="link"
        >
          <a
            href="#/home"
            onClick={[Function]}
          >
            Contacts
          </a>
        </span>
      </li>
      <li
        className="container item"
        deep={0}
        onClick={[Function]}
        state={1.1}
      >
        <span
          className="wrapper down"
        >
          <span
            className="fa fa-angle-up"
          />
        </span>
        <span
          className="link"
        >
          <a
            href="#/home"
            onClick={[Function]}
          >
            Features
          </a>
        </span>
        <ul
          className="sub"
          deep={1}
        >
          <li
            className="item"
            deep={undefined}
            onClick={[Function]}
            state={1.1}
          >
            
            <span
              className="link"
            >
              <a
                href="#/home"
                onClick={[Function]}
              >
                Multipage
              </a>
            </span>
          </li>
          <li
            className="container item"
            deep={1}
            onClick={[Function]}
            state={1.1}
          >
            <span
              className="wrapper down"
            >
              <span
                className="fa fa-angle-up"
              />
            </span>
            <span
              className="link"
            >
              <a
                href="#/home"
                onClick={[Function]}
              >
                Options
              </a>
            </span>
            <ul
              className="sub"
              deep={2}
            >
              <li
                className="container item"
                deep={2}
                onClick={[Function]}
                state={1.1}
              >
                <span
                  className="wrapper down"
                >
                  <span
                    className="fa fa-angle-up"
                  />
                </span>
                <span
                  className="link"
                >
                  <a
                    href="#/home"
                    onClick={[Function]}
                  >
                    General
                  </a>
                </span>
                <ul
                  className="sub"
                  deep={3}
                >
                  <li
                    className="item"
                    deep={undefined}
                    onClick={[Function]}
                    state={1.1}
                  >
                    
                    <span
                      className="link"
                    >
                      <a
                        href="#/home"
                        onClick={[Function]}
                      >
                        Kapitan
                      </a>
                    </span>
                  </li>
                </ul>
              </li>
              <li
                className="item"
                deep={undefined}
                onClick={[Function]}
                state={1.1}
              >
                
                <span
                  className="link"
                >
                  <a
                    href="#/home"
                    onClick={[Function]}
                  >
                    Sidebars
                  </a>
                </span>
              </li>
              <li
                className="item"
                deep={undefined}
                onClick={[Function]}
                state={1.1}
              >
                
                <span
                  className="link"
                >
                  <a
                    href="#/home"
                    onClick={[Function]}
                  >
                    Fonts
                  </a>
                </span>
              </li>
              <li
                className="item"
                deep={undefined}
                onClick={[Function]}
                state={1.1}
              >
                
                <span
                  className="link"
                >
                  <a
                    href="#/home"
                    onClick={[Function]}
                  >
                    Socials
                  </a>
                </span>
              </li>
            </ul>
          </li>
          <li
            className="item"
            deep={undefined}
            onClick={[Function]}
            state={1.1}
          >
            
            <span
              className="link"
            >
              <a
                href="#/home"
                onClick={[Function]}
              >
                Page
              </a>
            </span>
          </li>
          <li
            className="item"
            deep={undefined}
            onClick={[Function]}
            state={1.1}
          >
            
            <span
              className="link"
            >
              <a
                href="#/home"
                onClick={[Function]}
              >
                FAQ
              </a>
            </span>
          </li>
        </ul>
      </li>
    </ul>
  </div>
</div>
`;
